{"chars1":{"status":"immutable","oldValue":["a","b","c"],"newValue":["a","b","c"]},"chars2":{"status":"updated","oldValue":["d","e","f"],"newValue":false},"checked":{"status":"updated","oldValue":false,"newValue":true},"default":{"status":"updated","oldValue":null,"newValue":["value1","value2"]},"id":{"status":"updated","oldValue":45,"newValue":null},"key1":{"status":"removed","oldValue":"value1","newValue":"value1"},"key2":{"status":"added","oldValue":null,"newValue":"value2"},"numbers1":{"status":"immutable","oldValue":[1,2,3,4],"newValue":[1,2,3,4]},"numbers2":{"status":"updated","oldValue":[2,3,4,5],"newValue":[22,33,44,55]},"numbers3":{"status":"removed","oldValue":[3,4,5],"newValue":[3,4,5]},"numbers4":{"status":"added","oldValue":null,"newValue":[4,5,6]},"obj1":{"status":"added","oldValue":null,"newValue":{"nestedKey":"value","isNested":true}},"setting1":{"status":"updated","oldValue":"Some value","newValue":"Another value"},"setting2":{"status":"updated","oldValue":200,"newValue":300},"setting3":{"status":"updated","oldValue":true,"newValue":"none"}}
